Archive member included to satisfy reference by file (symbol)

E:/HTI/QuecOpen-SDK/LTE01R06A05_VOLTE_C_SDK_A_SDK/ql-sdk/ql-application/threadx/interface/log/src//build/src.lib(ql_log.o)
                              (--whole-archive)
E:/HTI/QuecOpen-SDK/LTE01R06A05_VOLTE_C_SDK_A_SDK/ql-sdk/ql-application/threadx/interface/bq_27542/Src//build/Src.lib(app.o)
                              (--whole-archive)
E:/HTI/QuecOpen-SDK/LTE01R06A05_VOLTE_C_SDK_A_SDK/ql-sdk/ql-application/threadx/interface/bq_27542/Src//build/Src.lib(battery.o)
                              (--whole-archive)
common/lib/ql_common_api.lib(ql_main.o)
                              (--whole-archive)
common/lib/ql_common_api.lib(ql_adc.o)
                              (--whole-archive)
common/lib/ql_common_api.lib(ql_api_wifi.o)
                              (--whole-archive)
common/lib/ql_common_api.lib(ql_atcmd.o)
                              (--whole-archive)
common/lib/ql_common_api.lib(ql_audio.o)
                              (--whole-archive)
common/lib/ql_common_api.lib(ql_bt.o)
                              (--whole-archive)
common/lib/ql_common_api.lib(ql_camera.o)
                              (--whole-archive)
common/lib/ql_common_api.lib(ql_data_call.o)
                              (--whole-archive)
common/lib/ql_common_api.lib(ql_ddr_cache.o)
                              (--whole-archive)
common/lib/ql_common_api.lib(ql_dev.o)
                              (--whole-archive)
common/lib/ql_common_api.lib(ql_flash.o)
                              (--whole-archive)
common/lib/ql_common_api.lib(ql_fota.o)
                              (--whole-archive)
common/lib/ql_common_api.lib(ql_fs.o)
                              (--whole-archive)
common/lib/ql_common_api.lib(ql_gnss.o)
                              (--whole-archive)
common/lib/ql_common_api.lib(ql_gpio.o)
                              (--whole-archive)
common/lib/ql_common_api.lib(ql_iic.o)
                              (--whole-archive)
common/lib/ql_common_api.lib(ql_keypad.o)
                              (--whole-archive)
common/lib/ql_common_api.lib(ql_lcd.o)
                              (--whole-archive)
common/lib/ql_common_api.lib(ql_ntp.o)
                              (--whole-archive)
common/lib/ql_common_api.lib(ql_nw.o)
                              (--whole-archive)
common/lib/ql_common_api.lib(ql_otp.o)
                              (--whole-archive)
common/lib/ql_common_api.lib(ql_ping.o)
                              (--whole-archive)
common/lib/ql_common_api.lib(ql_platform.o)
                              (--whole-archive)
common/lib/ql_common_api.lib(ql_power.o)
                              (--whole-archive)
common/lib/ql_common_api.lib(ql_pwm.o)
                              (--whole-archive)
common/lib/ql_common_api.lib(ql_queue.o)
                              (--whole-archive)
common/lib/ql_common_api.lib(ql_rtc.o)
                              (--whole-archive)
common/lib/ql_common_api.lib(ql_rtos.o)
                              (--whole-archive)
common/lib/ql_common_api.lib(ql_securedata.o)
                              (--whole-archive)
common/lib/ql_common_api.lib(ql_sim.o)
                              (--whole-archive)
common/lib/ql_common_api.lib(ql_sms.o)
                              (--whole-archive)
common/lib/ql_common_api.lib(ql_sockets.o)
                              (--whole-archive)
common/lib/ql_common_api.lib(ql_spi.o)
                              (--whole-archive)
common/lib/ql_common_api.lib(ql_spi_nor.o)
                              (--whole-archive)
common/lib/ql_common_api.lib(ql_time.o)
                              (--whole-archive)
common/lib/ql_common_api.lib(ql_timer.o)
                              (--whole-archive)
common/lib/ql_common_api.lib(ql_tts.o)
                              (--whole-archive)
common/lib/ql_common_api.lib(ql_uart.o)
                              (--whole-archive)
common/lib/ql_common_api.lib(ql_usb_descriptor.o)
                              (--whole-archive)
common/lib/ql_common_api.lib(ql_voice_call.o)
                              (--whole-archive)
common/lib/com_cell_locator.lib(ql_cell_locator.o)
                              (--whole-archive)
common/lib/com_cell_locator.lib(ql_ber_tlv.o)
                              (--whole-archive)
common/lib/com_ftp.lib(fnmatch.o)
                              (--whole-archive)
common/lib/com_ftp.lib(ql_ftp_client.o)
                              (--whole-archive)
common/lib/com_ftp.lib(quec_ftp_client.o)
                              (--whole-archive)
common/lib/com_ftp.lib(quec_ftp_client_data.o)
                              (--whole-archive)
common/lib/com_ftp.lib(quec_ftp_client_directory.o)
                              (--whole-archive)
common/lib/com_ftp.lib(quec_ftp_client_list.o)
                              (--whole-archive)
common/lib/com_ftp.lib(quec_ftp_client_login.o)
                              (--whole-archive)
[...]
Memory Configuration

Name             Origin             Length             Attributes
ROM              0x805d7008         0x00100000         xr
SRAM             0x7e420000         0x00100000         xrw
*default*        0x00000000         0xffffffff

Linker script and memory map

                0x805d7000                __ROM_START_ADDR = 0x805d7000
                0x00100000                __MAX_ROM_SIZE = 0x100000
                0x7e420000                __RAM_START_ADDR = 0x7e420000
                0x00100000                __MAX_RAM_SIZE = 0x100000
                0x805d7008                . = (__ROM_START_ADDR + 0x8)

.initdata       0x805d7008       0x20
 *(.initdata)
 .initdata      0x805d7008       0x20 common/lib/ql_common_api.lib(ql_main.o)
                0x805d7008                GADLENTRY

.userStartUp
 *(.userInit)

.text           0x805d7028     0x5958
 *(.text)
 .text          0x805d7028       0xec E:\HTI\QuecOpen-SDK\LTE01R06A05_VOLTE_C_SDK_A_SDK\ql-sdk\ql-application\threadx\/../..\ql-cross-tool\win32\owtoolchain\gcc-arm-none-eabi\arm-none-eabi\lib\thumb\v7\nofp\libc.a(lib_a-memcpy.o)
                0x805d7028                memcpy
 *fill*         0x805d7114        0x4 
 .text          0x805d7118      0x278 E:\HTI\QuecOpen-SDK\LTE01R06A05_VOLTE_C_SDK_A_SDK\ql-sdk\ql-application\threadx\/../..\ql-cross-tool\win32\owtoolchain\gcc-arm-none-eabi\lib\gcc\arm-none-eabi\9.2.1\thumb\v7\nofp\libgcc.a(_udivsi3.o)
                0x805d7118                __aeabi_uidiv
                0x805d7118                __udivsi3
                0x805d7374                __aeabi_uidivmod
 .text          0x805d7390        0x4 E:\HTI\QuecOpen-SDK\LTE01R06A05_VOLTE_C_SDK_A_SDK\ql-sdk\ql-application\threadx\/../..\ql-cross-tool\win32\owtoolchain\gcc-arm-none-eabi\lib\gcc\arm-none-eabi\9.2.1\thumb\v7\nofp\libgcc.a(_dvmd_tls.o)
                0x805d7390                __aeabi_idiv0
                0x805d7390                __aeabi_ldiv0
 .text          0x805d7394      0x378 E:\HTI\QuecOpen-SDK\LTE01R06A05_VOLTE_C_SDK_A_SDK\ql-sdk\ql-application\threadx\/../..\ql-cross-tool\win32\owtoolchain\gcc-arm-none-eabi\lib\gcc\arm-none-eabi\9.2.1\thumb\v7\nofp\libgcc.a(_arm_addsubdf3.o)
                0x805d7394                __aeabi_drsub
                0x805d739c                __aeabi_dsub
                0x805d739c                __subdf3
                0x805d73a0                __aeabi_dadd
                0x805d73a0                __adddf3
                0x805d7618                __floatunsidf
                0x805d7618                __aeabi_ui2d
                0x805d7638                __floatsidf
                0x805d7638                __aeabi_i2d
                0x805d765c                __aeabi_f2d
                0x805d765c                __extendsfdf2
                0x805d76a0                __floatundidf
                0x805d76a0                __aeabi_ul2d
                0x805d76b0                __floatdidf
                0x805d76b0                __aeabi_l2d
 .text          0x805d770c      0x424 E:\HTI\QuecOpen-SDK\LTE01R06A05_VOLTE_C_SDK_A_SDK\ql-sdk\ql-application\threadx\/../..\ql-cross-tool\win32\owtoolchain\gcc-arm-none-eabi\lib\gcc\arm-none-eabi\9.2.1\thumb\v7\nofp\libgcc.a(_arm_muldivdf3.o)
                0x805d770c                __aeabi_dmul
                0x805d770c                __muldf3
                0x805d7960                __divdf3
                0x805d7960                __aeabi_ddiv
 .text          0x805d7b30      0x110 E:\HTI\QuecOpen-SDK\LTE01R06A05_VOLTE_C_SDK_A_SDK\ql-sdk\ql-application\threadx\/../..\ql-cross-tool\win32\owtoolchain\gcc-arm-none-eabi\lib\gcc\arm-none-eabi\9.2.1\thumb\v7\nofp\libgcc.a(_arm_cmpdf2.o)
                0x805d7b30                __gtdf2
                0x805d7b30                __gedf2
                0x805d7b38                __ltdf2
                0x805d7b38                __ledf2
                0x805d7b40                __nedf2
                0x805d7b40                __eqdf2
                0x805d7b40                __cmpdf2
                0x805d7bbc                __aeabi_cdrcmple
                0x805d7bcc                __aeabi_cdcmpeq
                0x805d7bcc                __aeabi_cdcmple
                0x805d7bdc                __aeabi_dcmpeq
                0x805d7bf0                __aeabi_dcmplt
                0x805d7c04                __aeabi_dcmple
                0x805d7c18                __aeabi_dcmpge
                0x805d7c2c                __aeabi_dcmpgt
 .text          0x805d7c40       0x2c E:\HTI\QuecOpen-SDK\LTE01R06A05_VOLTE_C_SDK_A_SDK\ql-sdk\ql-application\threadx\/../..\ql-cross-tool\win32\owtoolchain\gcc-arm-none-eabi\lib\gcc\arm-none-eabi\9.2.1\thumb\v7\nofp\libgcc.a(_arm_unorddf2.o)
                0x805d7c40                __unorddf2
                0x805d7c40                __aeabi_dcmpun
 .text          0x805d7c6c       0x50 E:\HTI\QuecOpen-SDK\LTE01R06A05_VOLTE_C_SDK_A_SDK\ql-sdk\ql-application\threadx\/../..\ql-cross-tool\win32\owtoolchain\gcc-arm-none-eabi\lib\gcc\arm-none-eabi\9.2.1\thumb\v7\nofp\libgcc.a(_arm_fixdfsi.o)
                0x805d7c6c                __aeabi_d2iz
                0x805d7c6c                __fixdfsi
 .text          0x805d7cbc       0xa0 E:\HTI\QuecOpen-SDK\LTE01R06A05_VOLTE_C_SDK_A_SDK\ql-sdk\ql-application\threadx\/../..\ql-cross-tool\win32\owtoolchain\gcc-arm-none-eabi\lib\gcc\arm-none-eabi\9.2.1\thumb\v7\nofp\libgcc.a(_arm_truncdfsf2.o)
                0x805d7cbc                __truncdfsf2
                0x805d7cbc                __aeabi_d2f
 .text          0x805d7d5c       0x30 E:\HTI\QuecOpen-SDK\LTE01R06A05_VOLTE_C_SDK_A_SDK\ql-sdk\ql-application\threadx\/../..\ql-cross-tool\win32\owtoolchain\gcc-arm-none-eabi\lib\gcc\arm-none-eabi\9.2.1\thumb\v7\nofp\libgcc.a(_aeabi_uldivmod.o)
                0x805d7d5c                __aeabi_uldivmod
 .text          0x805d7d8c      0x11c E:\HTI\QuecOpen-SDK\LTE01R06A05_VOLTE_C_SDK_A_SDK\ql-sdk\ql-application\threadx\/../..\ql-cross-tool\win32\owtoolchain\gcc-arm-none-eabi\lib\gcc\arm-none-eabi\9.2.1\thumb\v7\nofp\libgcc.a(_udivmoddi4.o)
                0x805d7d8c                __udivmoddi4
 *(.text*)
 .text.seagull_uart_putc
                0x805d7ea8       0x30 E:/HTI/QuecOpen-SDK/LTE01R06A05_VOLTE_C_SDK_A_SDK/ql-sdk/ql-application/threadx/interface/log/src//build/src.lib(ql_log.o)
                0x805d7ea8                seagull_uart_putc
 .text.printf   0x805d7ed8       0x94 E:/HTI/QuecOpen-SDK/LTE01R06A05_VOLTE_C_SDK_A_SDK/ql-sdk/ql-application/threadx/interface/log/src//build/src.lib(ql_log.o)
                0x805d7ed8                printf
 .text.battery_test
                0x805d7f6c       0xdc E:/HTI/QuecOpen-SDK/LTE01R06A05_VOLTE_C_SDK_A_SDK/ql-sdk/ql-application/threadx/interface/bq_27542/Src//build/Src.lib(app.o)
 .text.bq27542_init
                0x805d8048        0xc E:/HTI/QuecOpen-SDK/LTE01R06A05_VOLTE_C_SDK_A_SDK/ql-sdk/ql-application/threadx/interface/bq_27542/Src//build/Src.lib(battery.o)
                0x805d8048                bq27542_init
 .text.bq27542_read_register
                0x805d8054       0x38 E:/HTI/QuecOpen-SDK/LTE01R06A05_VOLTE_C_SDK_A_SDK/ql-sdk/ql-application/threadx/interface/bq_27542/Src//build/Src.lib(battery.o)
                0x805d8054                bq27542_read_register
 .text.bq27542_get_full_capacity
                0x805d808c        0xc E:/HTI/QuecOpen-SDK/LTE01R06A05_VOLTE_C_SDK_A_SDK/ql-sdk/ql-application/threadx/interface/bq_27542/Src//build/Src.lib(battery.o)
                0x805d808c                bq27542_get_full_capacity
 .text.bq27542_get_remaining_capacity
                0x805d8098        0xc E:/HTI/QuecOpen-SDK/LTE01R06A05_VOLTE_C_SDK_A_SDK/ql-sdk/ql-application/threadx/interface/bq_27542/Src//build/Src.lib(battery.o)
                0x805d8098                bq27542_get_remaining_capacity
 .text.bq27542_get_voltage
                0x805d80a4        0xc E:/HTI/QuecOpen-SDK/LTE01R06A05_VOLTE_C_SDK_A_SDK/ql-sdk/ql-application/threadx/interface/bq_27542/Src//build/Src.lib(battery.o)
                0x805d80a4                bq27542_get_voltage
 .text.bq27542_get_soc
                0x805d80b0        0xc E:/HTI/QuecOpen-SDK/LTE01R06A05_VOLTE_C_SDK_A_SDK/ql-sdk/ql-application/threadx/interface/bq_27542/Src//build/Src.lib(battery.o)
                0x805d80b0                bq27542_get_soc
 *fill*         0x805d80bc        0x4 
 .text.bq27542_get_temperature
                0x805d80c0       0x64 E:/HTI/QuecOpen-SDK/LTE01R06A05_VOLTE_C_SDK_A_SDK/ql-sdk/ql-application/threadx/interface/bq_27542/Src//build/Src.lib(battery.o)
                0x805d80c0                bq27542_get_temperature
 .text.bq27542_get_current
                0x805d8124        0xc E:/HTI/QuecOpen-SDK/LTE01R06A05_VOLTE_C_SDK_A_SDK/ql-sdk/ql-application/threadx/interface/bq_27542/Src//build/Src.lib(battery.o)
                0x805d8124                bq27542_get_current
 .text.bq27542_check_device_id
                0x805d8130       0x2c E:/HTI/QuecOpen-SDK/LTE01R06A05_VOLTE_C_SDK_A_SDK/ql-sdk/ql-application/threadx/interface/bq_27542/Src//build/Src.lib(battery.o)
                0x805d8130                bq27542_check_device_id
 .text.appStartupTask
                0x805d815c       0x28 common/lib/ql_common_api.lib(ql_main.o)
 .text.kernelStartupTask
                0x805d8184       0x18 common/lib/ql_common_api.lib(ql_main.o)
 .text.appRegTableQuickSort.constprop.0
                0x805d819c       0xa0 common/lib/ql_common_api.lib(ql_main.o)
 .text.ql_main  0x805d823c       0xb4 common/lib/ql_common_api.lib(ql_main.o)
 .text.userKernelTableQuickSort.constprop.0
                0x805d82f0       0xa0 common/lib/ql_common_api.lib(ql_main.o)
 .text.ql_kernel
                0x805d8390       0x7c common/lib/ql_common_api.lib(ql_main.o)
 .text.userBootTableQuickSort.constprop.0
                0x805d840c       0x90 common/lib/ql_common_api.lib(ql_main.o)
 .text.ql_boot  0x805d849c       0xa8 common/lib/ql_common_api.lib(ql_main.o)
 .text.ql_i2c_init
                0x805d8544       0x38 common/lib/ql_common_api.lib(ql_iic.o)
                0x805d8544                ql_i2c_init
 .text.ql_i2c_read
                0x805d857c       0x4c common/lib/ql_common_api.lib(ql_iic.o)
                0x805d857c                ql_i2c_read
 .text.ql_rtos_task_create
                0x805d85c8       0x54 common/lib/ql_common_api.lib(ql_rtos.o)
                0x805d85c8                ql_rtos_task_create
 .text.ql_rtos_task_delete
                0x805d861c       0x34 common/lib/ql_common_api.lib(ql_rtos.o)
                0x805d861c                ql_rtos_task_delete
 .text.memmove  0x805d8650       0xd0 E:\HTI\QuecOpen-SDK\LTE01R06A05_VOLTE_C_SDK_A_SDK\ql-sdk\ql-application\threadx\/../..\ql-cross-tool\win32\owtoolchain\gcc-arm-none-eabi\arm-none-eabi\lib\thumb\v7\nofp\libc.a(lib_a-memmove.o)
                0x805d8650                memmove
 .text.memset   0x805d8720       0xa0 E:\HTI\QuecOpen-SDK\LTE01R06A05_VOLTE_C_SDK_A_SDK\ql-sdk\ql-application\threadx\/../..\ql-cross-tool\win32\owtoolchain\gcc-arm-none-eabi\arm-none-eabi\lib\thumb\v7\nofp\libc.a(lib_a-memset.o)
                0x805d8720                memset
 .text.strlen   0x805d87c0       0x5c E:\HTI\QuecOpen-SDK\LTE01R06A05_VOLTE_C_SDK_A_SDK\ql-sdk\ql-application\threadx\/../..\ql-cross-tool\win32\owtoolchain\gcc-arm-none-eabi\arm-none-eabi\lib\thumb\v7\nofp\libc.a(lib_a-strlen-stub.o)
                0x805d87c0                strlen
 .text.strncpy  0x805d881c       0x74 E:\HTI\QuecOpen-SDK\LTE01R06A05_VOLTE_C_SDK_A_SDK\ql-sdk\ql-application\threadx\/../..\ql-cross-tool\win32\owtoolchain\gcc-arm-none-eabi\arm-none-eabi\lib\thumb\v7\nofp\libc.a(lib_a-strncpy.o)
                0x805d881c                strncpy
 .text.__ssprint_r
                0x805d8890       0xf4 E:\HTI\QuecOpen-SDK\LTE01R06A05_VOLTE_C_SDK_A_SDK\ql-sdk\ql-application\threadx\/../..\ql-cross-tool\win32\owtoolchain\gcc-arm-none-eabi\arm-none-eabi\lib\thumb\v7\nofp\libc.a(lib_a-svfiprintf.o)
                0x805d8890                __ssprint_r
 .text._svfprintf_r
                0x805d8984     0x1a1c E:\HTI\QuecOpen-SDK\LTE01R06A05_VOLTE_C_SDK_A_SDK\ql-sdk\ql-application\threadx\/../..\ql-cross-tool\win32\owtoolchain\gcc-arm-none-eabi\arm-none-eabi\lib\thumb\v7\nofp\libc.a(lib_a-svfprintf.o)
                0x805d8984                _svfprintf_r
 .text._vsnprintf_r
                0x805da3a0       0x6c E:\HTI\QuecOpen-SDK\LTE01R06A05_VOLTE_C_SDK_A_SDK\ql-sdk\ql-application\threadx\/../..\ql-cross-tool\win32\owtoolchain\gcc-arm-none-eabi\arm-none-eabi\lib\thumb\v7\nofp\libc.a(lib_a-vsnprintf.o)
                0x805da3a0                _vsnprintf_r
 .text.vsnprintf
                0x805da40c       0x24 E:\HTI\QuecOpen-SDK\LTE01R06A05_VOLTE_C_SDK_A_SDK\ql-sdk\ql-application\threadx\/../..\ql-cross-tool\win32\owtoolchain\gcc-arm-none-eabi\arm-none-eabi\lib\thumb\v7\nofp\libc.a(lib_a-vsnprintf.o)
                0x805da40c                vsnprintf
 .text.quorem   0x805da430      0x12c E:\HTI\QuecOpen-SDK\LTE01R06A05_VOLTE_C_SDK_A_SDK\ql-sdk\ql-application\threadx\/../..\ql-cross-tool\win32\owtoolchain\gcc-arm-none-eabi\arm-none-eabi\lib\thumb\v7\nofp\libc.a(lib_a-dtoa.o)
 *fill*         0x805da55c        0x4 
 .text._dtoa_r  0x805da560      0xf40 E:\HTI\QuecOpen-SDK\LTE01R06A05_VOLTE_C_SDK_A_SDK\ql-sdk\ql-application\threadx\/../..\ql-cross-tool\win32\owtoolchain\gcc-arm-none-eabi\arm-none-eabi\lib\thumb\v7\nofp\libc.a(lib_a-dtoa.o)
                0x805da560                _dtoa_r
 .text._malloc_trim_r
                0x805db4a0       0xac E:\HTI\QuecOpen-SDK\LTE01R06A05_VOLTE_C_SDK_A_SDK\ql-sdk\ql-application\threadx\/../..\ql-cross-tool\win32\owtoolchain\gcc-arm-none-eabi\arm-none-eabi\lib\thumb\v7\nofp\libc.a(lib_a-freer.o)
                0x805db4a0                _malloc_trim_r
 .text._free_r  0x805db54c      0x218 E:\HTI\QuecOpen-SDK\LTE01R06A05_VOLTE_C_SDK_A_SDK\ql-sdk\ql-application\threadx\/../..\ql-cross-tool\win32\owtoolchain\gcc-arm-none-eabi\arm-none-eabi\lib\thumb\v7\nofp\libc.a(lib_a-freer.o)
                0x805db54c                _free_r
 .text._localeconv_r
                0x805db764        0x8 E:\HTI\QuecOpen-SDK\LTE01R06A05_VOLTE_C_SDK_A_SDK\ql-sdk\ql-application\threadx\/../..\ql-cross-tool\win32\owtoolchain\gcc-arm-none-eabi\arm-none-eabi\lib\thumb\v7\nofp\libc.a(lib_a-localeconv.o)
                0x805db764                _localeconv_r
 .text._malloc_r
                0x805db76c      0x588 E:\HTI\QuecOpen-SDK\LTE01R06A05_VOLTE_C_SDK_A_SDK\ql-sdk\ql-application\threadx\/../..\ql-cross-tool\win32\owtoolchain\gcc-arm-none-eabi\arm-none-eabi\lib\thumb\v7\nofp\libc.a(lib_a-mallocr.o)
                0x805db76c                _malloc_r
 .text.__ascii_mbtowc
                0x805dbcf4       0x24 E:\HTI\QuecOpen-SDK\LTE01R06A05_VOLTE_C_SDK_A_SDK\ql-sdk\ql-application\threadx\/../..\ql-cross-tool\win32\owtoolchain\gcc-arm-none-eabi\arm-none-eabi\lib\thumb\v7\nofp\libc.a(lib_a-mbtowc_r.o)
                0x805dbcf4                __ascii_mbtowc
 .text.memchr   0x805dbd18       0x7c E:\HTI\QuecOpen-SDK\LTE01R06A05_VOLTE_C_SDK_A_SDK\ql-sdk\ql-application\threadx\/../..\ql-cross-tool\win32\owtoolchain\gcc-arm-none-eabi\arm-none-eabi\lib\thumb\v7\nofp\libc.a(lib_a-memchr-stub.o)
                0x805dbd18                memchr
 .text.__malloc_lock
                0x805dbd94        0xc E:\HTI\QuecOpen-SDK\LTE01R06A05_VOLTE_C_SDK_A_SDK\ql-sdk\ql-application\threadx\/../..\ql-cross-tool\win32\owtoolchain\gcc-arm-none-eabi\arm-none-eabi\lib\thumb\v7\nofp\libc.a(lib_a-mlock.o)
                0x805dbd94                __malloc_lock
 .text.__malloc_unlock
                0x805dbda0        0xc E:\HTI\QuecOpen-SDK\LTE01R06A05_VOLTE_C_SDK_A_SDK\ql-sdk\ql-application\threadx\/../..\ql-cross-tool\win32\owtoolchain\gcc-arm-none-eabi\arm-none-eabi\lib\thumb\v7\nofp\libc.a(lib_a-mlock.o)
                0x805dbda0                __malloc_unlock
 .text._Balloc  0x805dbdac       0x4c E:\HTI\QuecOpen-SDK\LTE01R06A05_VOLTE_C_SDK_A_SDK\ql-sdk\ql-application\threadx\/../..\ql-cross-tool\win32\owtoolchain\gcc-arm-none-eabi\arm-none-eabi\lib\thumb\v7\nofp\libc.a(lib_a-mprec.o)
                0x805dbdac                _Balloc
 .text._Bfree   0x805dbdf8       0x14 E:\HTI\QuecOpen-SDK\LTE01R06A05_VOLTE_C_SDK_A_SDK\ql-sdk\ql-application\threadx\/../..\ql-cross-tool\win32\owtoolchain\gcc-arm-none-eabi\arm-none-eabi\lib\thumb\v7\nofp\libc.a(lib_a-mprec.o)
                0x805dbdf8                _Bfree
 .text.__multadd
                0x805dbe0c       0x84 E:\HTI\QuecOpen-SDK\LTE01R06A05_VOLTE_C_SDK_A_SDK\ql-sdk\ql-application\threadx\/../..\ql-cross-tool\win32\owtoolchain\gcc-arm-none-eabi\arm-none-eabi\lib\thumb\v7\nofp\libc.a(lib_a-mprec.o)
                0x805dbe0c                __multadd
 .text.__hi0bits
                0x805dbe90       0x40 E:\HTI\QuecOpen-SDK\LTE01R06A05_VOLTE_C_SDK_A_SDK\ql-sdk\ql-application\threadx\/../..\ql-cross-tool\win32\owtoolchain\gcc-arm-none-eabi\arm-none-eabi\lib\thumb\v7\nofp\libc.a(lib_a-mprec.o)
                0x805dbe90                __hi0bits
 .text.__lo0bits
                0x805dbed0       0x5c E:\HTI\QuecOpen-SDK\LTE01R06A05_VOLTE_C_SDK_A_SDK\ql-sdk\ql-application\threadx\/../..\ql-cross-tool\win32\owtoolchain\gcc-arm-none-eabi\arm-none-eabi\lib\thumb\v7\nofp\libc.a(lib_a-mprec.o)
                0x805dbed0                __lo0bits
 .text.__i2b    0x805dbf2c       0x14 E:\HTI\QuecOpen-SDK\LTE01R06A05_VOLTE_C_SDK_A_SDK\ql-sdk\ql-application\threadx\/../..\ql-cross-tool\win32\owtoolchain\gcc-arm-none-eabi\arm-none-eabi\lib\thumb\v7\nofp\libc.a(lib_a-mprec.o)
                0x805dbf2c                __i2b
 .text.__multiply
                0x805dbf40      0x150 E:\HTI\QuecOpen-SDK\LTE01R06A05_VOLTE_C_SDK_A_SDK\ql-sdk\ql-application\threadx\/../..\ql-cross-tool\win32\owtoolchain\gcc-arm-none-eabi\arm-none-eabi\lib\thumb\v7\nofp\libc.a(lib_a-mprec.o)
                0x805dbf40                __multiply
 .text.__pow5mult
                0x805dc090       0xa4 E:\HTI\QuecOpen-SDK\LTE01R06A05_VOLTE_C_SDK_A_SDK\ql-sdk\ql-application\threadx\/../..\ql-cross-tool\win32\owtoolchain\gcc-arm-none-eabi\arm-none-eabi\lib\thumb\v7\nofp\libc.a(lib_a-mprec.o)
                0x805dc090                __pow5mult
 .text.__lshift
                0x805dc134       0xd0 E:\HTI\QuecOpen-SDK\LTE01R06A05_VOLTE_C_SDK_A_SDK\ql-sdk\ql-application\threadx\/../..\ql-cross-tool\win32\owtoolchain\gcc-arm-none-eabi\arm-none-eabi\lib\thumb\v7\nofp\libc.a(lib_a-mprec.o)
                0x805dc134                __lshift
 .text.__mcmp   0x805dc204       0x3c E:\HTI\QuecOpen-SDK\LTE01R06A05_VOLTE_C_SDK_A_SDK\ql-sdk\ql-application\threadx\/../..\ql-cross-tool\win32\owtoolchain\gcc-arm-none-eabi\arm-none-eabi\lib\thumb\v7\nofp\libc.a(lib_a-mprec.o)
                0x805dc204                __mcmp
 .text.__mdiff  0x805dc240      0x148 E:\HTI\QuecOpen-SDK\LTE01R06A05_VOLTE_C_SDK_A_SDK\ql-sdk\ql-application\threadx\/../..\ql-cross-tool\win32\owtoolchain\gcc-arm-none-eabi\arm-none-eabi\lib\thumb\v7\nofp\libc.a(lib_a-mprec.o)
                0x805dc240                __mdiff
 .text.__d2b    0x805dc388       0xa8 E:\HTI\QuecOpen-SDK\LTE01R06A05_VOLTE_C_SDK_A_SDK\ql-sdk\ql-application\threadx\/../..\ql-cross-tool\win32\owtoolchain\gcc-arm-none-eabi\arm-none-eabi\lib\thumb\v7\nofp\libc.a(lib_a-mprec.o)
                0x805dc388                __d2b
 .text._realloc_r
                0x805dc430      0x410 E:\HTI\QuecOpen-SDK\LTE01R06A05_VOLTE_C_SDK_A_SDK\ql-sdk\ql-application\threadx\/../..\ql-cross-tool\win32\owtoolchain\gcc-arm-none-eabi\arm-none-eabi\lib\thumb\v7\nofp\libc.a(lib_a-reallocr.o)
                0x805dc430                _realloc_r
 .text.frexp    0x805dc840       0x70 E:\HTI\QuecOpen-SDK\LTE01R06A05_VOLTE_C_SDK_A_SDK\ql-sdk\ql-application\threadx\/../..\ql-cross-tool\win32\owtoolchain\gcc-arm-none-eabi\arm-none-eabi\lib\thumb\v7\nofp\libc.a(lib_a-s_frexp.o)
                0x805dc840                frexp
 .text._sbrk_r  0x805dc8b0       0x28 E:\HTI\QuecOpen-SDK\LTE01R06A05_VOLTE_C_SDK_A_SDK\ql-sdk\ql-application\threadx\/../..\ql-cross-tool\win32\owtoolchain\gcc-arm-none-eabi\arm-none-eabi\lib\thumb\v7\nofp\libc.a(lib_a-sbrkr.o)
                0x805dc8b0                _sbrk_r
 .text.__ascii_wctomb
                0x805dc8d8       0x1c E:\HTI\QuecOpen-SDK\LTE01R06A05_VOLTE_C_SDK_A_SDK\ql-sdk\ql-application\threadx\/../..\ql-cross-tool\win32\owtoolchain\gcc-arm-none-eabi\arm-none-eabi\lib\thumb\v7\nofp\libc.a(lib_a-wctomb_r.o)
                0x805dc8d8                __ascii_wctomb
 .text._calloc_r
                0x805dc8f4       0x64 E:\HTI\QuecOpen-SDK\LTE01R06A05_VOLTE_C_SDK_A_SDK\ql-sdk\ql-application\threadx\/../..\ql-cross-tool\win32\owtoolchain\gcc-arm-none-eabi\arm-none-eabi\lib\thumb\v7\nofp\libc.a(lib_a-callocr.o)
                0x805dc8f4                _calloc_r
 .text.__retarget_lock_acquire_recursive
                0x805dc958        0x4 E:\HTI\QuecOpen-SDK\LTE01R06A05_VOLTE_C_SDK_A_SDK\ql-sdk\ql-application\threadx\/../..\ql-cross-tool\win32\owtoolchain\gcc-arm-none-eabi\arm-none-eabi\lib\thumb\v7\nofp\libc.a(lib_a-lock.o)
                0x805dc958                __retarget_lock_acquire_recursive
 .text.__retarget_lock_release_recursive
                0x805dc95c        0x4 E:\HTI\QuecOpen-SDK\LTE01R06A05_VOLTE_C_SDK_A_SDK\ql-sdk\ql-application\threadx\/../..\ql-cross-tool\win32\owtoolchain\gcc-arm-none-eabi\arm-none-eabi\lib\thumb\v7\nofp\libc.a(lib_a-lock.o)
                0x805dc95c                __retarget_lock_release_recursive
 .text._sbrk    0x805dc960       0x20 E:\HTI\QuecOpen-SDK\LTE01R06A05_VOLTE_C_SDK_A_SDK\ql-sdk\ql-application\threadx\/../..\ql-cross-tool\win32\owtoolchain\gcc-arm-none-eabi\arm-none-eabi\lib\thumb\v7\nofp\libnosys.a(sbrk.o)
                0x805dc960                _sbrk

.glue_7         0x805dc980        0x0
 .glue_7        0x805dc980        0x0 linker stubs

.glue_7t        0x805dc980        0x0
 .glue_7t       0x805dc980        0x0 linker stubs

.vfp11_veneer   0x805dc980        0x0
 .vfp11_veneer  0x805dc980        0x0 linker stubs

.v4_bx          0x805dc980        0x0
 .v4_bx         0x805dc980        0x0 linker stubs

.iplt           0x805dc980        0x0
 .iplt          0x805dc980        0x0 E:/HTI/QuecOpen-SDK/LTE01R06A05_VOLTE_C_SDK_A_SDK/ql-sdk/ql-application/threadx/interface/log/src//build/src.lib(ql_log.o)

.rodata         0x805dc980      0x4ec
 *(.rodata)
 *(.rodata*)
 .rodata.printf.str1.1
                0x805dc980       0x2c E:/HTI/QuecOpen-SDK/LTE01R06A05_VOLTE_C_SDK_A_SDK/ql-sdk/ql-application/threadx/interface/log/src//build/src.lib(ql_log.o)
 .rodata.__FUNCTION__.5072
                0x805dc9ac       0x12 E:/HTI/QuecOpen-SDK/LTE01R06A05_VOLTE_C_SDK_A_SDK/ql-sdk/ql-application/threadx/interface/log/src//build/src.lib(ql_log.o)
 .rodata.battery_test.str1.1
                0x805dc9be       0xcd E:/HTI/QuecOpen-SDK/LTE01R06A05_VOLTE_C_SDK_A_SDK/ql-sdk/ql-application/threadx/interface/bq_27542/Src//build/Src.lib(app.o)
 .rodata.str1.1
                0x805dca8b        0xd E:/HTI/QuecOpen-SDK/LTE01R06A05_VOLTE_C_SDK_A_SDK/ql-sdk/ql-application/threadx/interface/bq_27542/Src//build/Src.lib(app.o)
 .rodata.appStartupTask.str1.1
                0x805dca98       0x14 common/lib/ql_common_api.lib(ql_main.o)
 .rodata.ql_main.str1.1
                0x805dcaac       0x9f common/lib/ql_common_api.lib(ql_main.o)
 .rodata.ql_kernel.str1.1
                0x805dcb4b       0x25 common/lib/ql_common_api.lib(ql_main.o)
 .rodata.ql_boot.str1.1
                0x805dcb70       0x34 common/lib/ql_common_api.lib(ql_main.o)
 .rodata.__FUNCTION__.4290
                0x805dcba4        0xc common/lib/ql_common_api.lib(ql_iic.o)
 .rodata.__FUNCTION__.4308
                0x805dcbb0        0xc common/lib/ql_common_api.lib(ql_iic.o)
 .rodata.__FUNCTION__.4626
                0x805dcbbc       0x14 common/lib/ql_common_api.lib(ql_rtos.o)
 .rodata.__FUNCTION__.4658
                0x805dcbd0       0x14 common/lib/ql_common_api.lib(ql_rtos.o)
 .rodata._svfprintf_r.str1.4
                0x805dcbe4       0x42 E:\HTI\QuecOpen-SDK\LTE01R06A05_VOLTE_C_SDK_A_SDK\ql-sdk\ql-application\threadx\/../..\ql-cross-tool\win32\owtoolchain\gcc-arm-none-eabi\arm-none-eabi\lib\thumb\v7\nofp\libc.a(lib_a-svfprintf.o)
 *fill*         0x805dcc26        0x2 
 .rodata.blanks.7345
                0x805dcc28       0x10 E:\HTI\QuecOpen-SDK\LTE01R06A05_VOLTE_C_SDK_A_SDK\ql-sdk\ql-application\threadx\/../..\ql-cross-tool\win32\owtoolchain\gcc-arm-none-eabi\arm-none-eabi\lib\thumb\v7\nofp\libc.a(lib_a-svfprintf.o)
 .rodata.zeroes.7346
                0x805dcc38       0x10 E:\HTI\QuecOpen-SDK\LTE01R06A05_VOLTE_C_SDK_A_SDK\ql-sdk\ql-application\threadx\/../..\ql-cross-tool\win32\owtoolchain\gcc-arm-none-eabi\arm-none-eabi\lib\thumb\v7\nofp\libc.a(lib_a-svfprintf.o)
 .rodata._ctype_
                0x805dcc48      0x101 E:\HTI\QuecOpen-SDK\LTE01R06A05_VOLTE_C_SDK_A_SDK\ql-sdk\ql-application\threadx\/../..\ql-cross-tool\win32\owtoolchain\gcc-arm-none-eabi\arm-none-eabi\lib\thumb\v7\nofp\libc.a(lib_a-ctype_.o)
                0x805dcc48                _ctype_
 *fill*         0x805dcd49        0x3 
 .rodata._dtoa_r.str1.4
                0x805dcd4c        0xd E:\HTI\QuecOpen-SDK\LTE01R06A05_VOLTE_C_SDK_A_SDK\ql-sdk\ql-application\threadx\/../..\ql-cross-tool\win32\owtoolchain\gcc-arm-none-eabi\arm-none-eabi\lib\thumb\v7\nofp\libc.a(lib_a-dtoa.o)
                                 0x12 (size before relaxing)
 *fill*         0x805dcd59        0x3 
 .rodata._setlocale_r.str1.4
                0x805dcd5c        0xa E:\HTI\QuecOpen-SDK\LTE01R06A05_VOLTE_C_SDK_A_SDK\ql-sdk\ql-application\threadx\/../..\ql-cross-tool\win32\owtoolchain\gcc-arm-none-eabi\arm-none-eabi\lib\thumb\v7\nofp\libc.a(lib_a-locale.o)
                                  0xd (size before relaxing)
 *fill*         0x805dcd66        0x2 
 .rodata.str1.4
                0x805dcd68        0x2 E:\HTI\QuecOpen-SDK\LTE01R06A05_VOLTE_C_SDK_A_SDK\ql-sdk\ql-application\threadx\/../..\ql-cross-tool\win32\owtoolchain\gcc-arm-none-eabi\arm-none-eabi\lib\thumb\v7\nofp\libc.a(lib_a-locale.o)
 *fill*         0x805dcd6a        0x6 
 .rodata.__mprec_bigtens
                0x805dcd70       0x28 E:\HTI\QuecOpen-SDK\LTE01R06A05_VOLTE_C_SDK_A_SDK\ql-sdk\ql-application\threadx\/../..\ql-cross-tool\win32\owtoolchain\gcc-arm-none-eabi\arm-none-eabi\lib\thumb\v7\nofp\libc.a(lib_a-mprec.o)
                0x805dcd70                __mprec_bigtens
 .rodata.__mprec_tens
                0x805dcd98       0xc8 E:\HTI\QuecOpen-SDK\LTE01R06A05_VOLTE_C_SDK_A_SDK\ql-sdk\ql-application\threadx\/../..\ql-cross-tool\win32\owtoolchain\gcc-arm-none-eabi\arm-none-eabi\lib\thumb\v7\nofp\libc.a(lib_a-mprec.o)
                0x805dcd98                __mprec_tens
 .rodata.p05.6115
                0x805dce60        0xc E:\HTI\QuecOpen-SDK\LTE01R06A05_VOLTE_C_SDK_A_SDK\ql-sdk\ql-application\threadx\/../..\ql-cross-tool\win32\owtoolchain\gcc-arm-none-eabi\arm-none-eabi\lib\thumb\v7\nofp\libc.a(lib_a-mprec.o)
                0x7e420000                . = __RAM_START_ADDR

.data           0x7e420000      0x9ac load address 0x805dce6c
                0x805dce6c                PROVIDE (__data_load = LOADADDR (.data))
                0x7e420000                PROVIDE (__data_start = .)
 *(.data)
 *(.data*)
 .data._impure_ptr
                0x7e420000        0x4 E:\HTI\QuecOpen-SDK\LTE01R06A05_VOLTE_C_SDK_A_SDK\ql-sdk\ql-application\threadx\/../..\ql-cross-tool\win32\owtoolchain\gcc-arm-none-eabi\arm-none-eabi\lib\thumb\v7\nofp\libc.a(lib_a-impure.o)
                0x7e420000                _impure_ptr
 *fill*         0x7e420004        0x4 
 .data.impure_data
                0x7e420008      0x428 E:\HTI\QuecOpen-SDK\LTE01R06A05_VOLTE_C_SDK_A_SDK\ql-sdk\ql-application\threadx\/../..\ql-cross-tool\win32\owtoolchain\gcc-arm-none-eabi\arm-none-eabi\lib\thumb\v7\nofp\libc.a(lib_a-impure.o)
 .data.__global_locale
                0x7e420430      0x16c E:\HTI\QuecOpen-SDK\LTE01R06A05_VOLTE_C_SDK_A_SDK\ql-sdk\ql-application\threadx\/../..\ql-cross-tool\win32\owtoolchain\gcc-arm-none-eabi\arm-none-eabi\lib\thumb\v7\nofp\libc.a(lib_a-locale.o)
                0x7e420430                __global_locale
 .data.__malloc_av_
                0x7e42059c      0x408 E:\HTI\QuecOpen-SDK\LTE01R06A05_VOLTE_C_SDK_A_SDK\ql-sdk\ql-application\threadx\/../..\ql-cross-tool\win32\owtoolchain\gcc-arm-none-eabi\arm-none-eabi\lib\thumb\v7\nofp\libc.a(lib_a-mallocr.o)
                0x7e42059c                __malloc_av_
 .data.__malloc_sbrk_base
                0x7e4209a4        0x4 E:\HTI\QuecOpen-SDK\LTE01R06A05_VOLTE_C_SDK_A_SDK\ql-sdk\ql-application\threadx\/../..\ql-cross-tool\win32\owtoolchain\gcc-arm-none-eabi\arm-none-eabi\lib\thumb\v7\nofp\libc.a(lib_a-mallocr.o)
                0x7e4209a4                __malloc_sbrk_base
 .data.__malloc_trim_threshold
                0x7e4209a8        0x4 E:\HTI\QuecOpen-SDK\LTE01R06A05_VOLTE_C_SDK_A_SDK\ql-sdk\ql-application\threadx\/../..\ql-cross-tool\win32\owtoolchain\gcc-arm-none-eabi\arm-none-eabi\lib\thumb\v7\nofp\libc.a(lib_a-mallocr.o)
                0x7e4209a8                __malloc_trim_threshold
                [!provide]                PROVIDE (_edata = .)

.igot.plt       0x7e4209ac        0x0 load address 0x805dd818
 .igot.plt      0x7e4209ac        0x0 E:/HTI/QuecOpen-SDK/LTE01R06A05_VOLTE_C_SDK_A_SDK/ql-sdk/ql-application/threadx/interface/log/src//build/src.lib(ql_log.o)

.userBootTable  0x7e4209ac        0x0 load address 0x805dd818
                0x7e4209ac                PROVIDE (__userBoot_start__ = .)
 *(.userBootTable)
                0x7e4209ac                PROVIDE (__userBoot_end__ = .)

.userKernelTable
                0x7e4209ac        0x0 load address 0x805dd818
                0x7e4209ac                PROVIDE (__userKernel_start__ = .)
 *(.userKernelTable)
                0x7e4209ac                PROVIDE (__userKernel_end__ = .)

.appRegTable    0x7e4209ac       0x10 load address 0x805dd818
                0x7e4209ac                PROVIDE (__appRegTable_start__ = .)
 *(.appRegTable)
 .appRegTable   0x7e4209ac       0x10 E:/HTI/QuecOpen-SDK/LTE01R06A05_VOLTE_C_SDK_A_SDK/ql-sdk/ql-application/threadx/interface/bq_27542/Src//build/Src.lib(app.o)
                0x7e4209ac                _regAppItem_battery_test
                0x7e4209bc                PROVIDE (__appRegTable_end__ = .)

.ARM.exidx      0x7e4209bc        0x8 load address 0x805dd828
                [!provide]                PROVIDE (__exidx_start = .)
 *(.ARM.exidx)
 .ARM.exidx     0x7e4209bc        0x8 E:\HTI\QuecOpen-SDK\LTE01R06A05_VOLTE_C_SDK_A_SDK\ql-sdk\ql-application\threadx\/../..\ql-cross-tool\win32\owtoolchain\gcc-arm-none-eabi\lib\gcc\arm-none-eabi\9.2.1\thumb\v7\nofp\libgcc.a(_udivmoddi4.o)
                0x7e4209c4                PROVIDE (__exidx_end = .)
                0x805dd830                _bin_end = (LOADADDR (.ARM.exidx) + SIZEOF (.ARM.exidx))
                0x00000001                ASSERT (((_bin_end - __ROM_START_ADDR) < __MAX_ROM_SIZE), xxxx ERR:APP ROM OVERFLOW !!)

.rel.dyn        0x7e4209c4        0x0 load address 0x805dd830
 .rel.iplt      0x7e4209c4        0x0 E:/HTI/QuecOpen-SDK/LTE01R06A05_VOLTE_C_SDK_A_SDK/ql-sdk/ql-application/threadx/interface/log/src//build/src.lib(ql_log.o)

.bss            0x7e4209c4      0x891 load address 0x805dd830
                0x7e4209c4                PROVIDE (__bss_start__ = .)
 *(.bss)
 *(.bss*)
 .bss.m_debug_printf_lock
                0x7e4209c4        0x4 E:/HTI/QuecOpen-SDK/LTE01R06A05_VOLTE_C_SDK_A_SDK/ql-sdk/ql-application/threadx/interface/log/src//build/src.lib(ql_log.o)
 .bss.m_debug_printf_unlock
                0x7e4209c8        0x4 E:/HTI/QuecOpen-SDK/LTE01R06A05_VOLTE_C_SDK_A_SDK/ql-sdk/ql-application/threadx/interface/log/src//build/src.lib(ql_log.o)
 .bss.m_seagull_uart_putc
                0x7e4209cc        0x4 E:/HTI/QuecOpen-SDK/LTE01R06A05_VOLTE_C_SDK_A_SDK/ql-sdk/ql-application/threadx/interface/log/src//build/src.lib(ql_log.o)
 .bss.print_buf
                0x7e4209d0      0x801 E:/HTI/QuecOpen-SDK/LTE01R06A05_VOLTE_C_SDK_A_SDK/ql-sdk/ql-application/threadx/interface/log/src//build/src.lib(ql_log.o)
 .bss.ql_debug_log_mode
                0x7e4211d1        0x1 E:/HTI/QuecOpen-SDK/LTE01R06A05_VOLTE_C_SDK_A_SDK/ql-sdk/ql-application/threadx/interface/log/src//build/src.lib(ql_log.o)
                0x7e4211d1                ql_debug_log_mode
 *fill*         0x7e4211d2        0x2 
 .bss.func_table_size
                0x7e4211d4        0x4 common/lib/ql_common_api.lib(ql_main.o)
                0x7e4211d4                func_table_size
 .bss.m_get_api_ptr
                0x7e4211d8        0x4 common/lib/ql_common_api.lib(ql_main.o)
                0x7e4211d8                m_get_api_ptr
 .bss.ql_boot_para
                0x7e4211dc        0x8 common/lib/ql_common_api.lib(ql_main.o)
                0x7e4211dc                ql_boot_para
 .bss.ql_trace  0x7e4211e4        0x4 common/lib/ql_common_api.lib(ql_main.o)
                0x7e4211e4                ql_trace
 .bss.m_ql_i2c_init
                0x7e4211e8        0x4 common/lib/ql_common_api.lib(ql_iic.o)
 .bss.m_ql_i2c_read
                0x7e4211ec        0x4 common/lib/ql_common_api.lib(ql_iic.o)
 .bss.m_ql_rtos_task_create
                0x7e4211f0        0x4 common/lib/ql_common_api.lib(ql_rtos.o)
 .bss.m_ql_rtos_task_delete
                0x7e4211f4        0x4 common/lib/ql_common_api.lib(ql_rtos.o)
 .bss.__malloc_current_mallinfo
                0x7e4211f8       0x28 E:\HTI\QuecOpen-SDK\LTE01R06A05_VOLTE_C_SDK_A_SDK\ql-sdk\ql-application\threadx\/../..\ql-cross-tool\win32\owtoolchain\gcc-arm-none-eabi\arm-none-eabi\lib\thumb\v7\nofp\libc.a(lib_a-mallocr.o)
                0x7e4211f8                __malloc_current_mallinfo
 .bss.__malloc_max_sbrked_mem
                0x7e421220        0x4 E:\HTI\QuecOpen-SDK\LTE01R06A05_VOLTE_C_SDK_A_SDK\ql-sdk\ql-application\threadx\/../..\ql-cross-tool\win32\owtoolchain\gcc-arm-none-eabi\arm-none-eabi\lib\thumb\v7\nofp\libc.a(lib_a-mallocr.o)
                0x7e421220                __malloc_max_sbrked_mem
 .bss.__malloc_max_total_mem
                0x7e421224        0x4 E:\HTI\QuecOpen-SDK\LTE01R06A05_VOLTE_C_SDK_A_SDK\ql-sdk\ql-application\threadx\/../..\ql-cross-tool\win32\owtoolchain\gcc-arm-none-eabi\arm-none-eabi\lib\thumb\v7\nofp\libc.a(lib_a-mallocr.o)
                0x7e421224                __malloc_max_total_mem
 .bss.__malloc_top_pad
                0x7e421228        0x4 E:\HTI\QuecOpen-SDK\LTE01R06A05_VOLTE_C_SDK_A_SDK\ql-sdk\ql-application\threadx\/../..\ql-cross-tool\win32\owtoolchain\gcc-arm-none-eabi\arm-none-eabi\lib\thumb\v7\nofp\libc.a(lib_a-mallocr.o)
                0x7e421228                __malloc_top_pad
 .bss.heap_end.4144
                0x7e42122c        0x4 E:\HTI\QuecOpen-SDK\LTE01R06A05_VOLTE_C_SDK_A_SDK\ql-sdk\ql-application\threadx\/../..\ql-cross-tool\win32\owtoolchain\gcc-arm-none-eabi\arm-none-eabi\lib\thumb\v7\nofp\libnosys.a(sbrk.o)
 *(COMMON)
 COMMON         0x7e421230        0x4 E:\HTI\QuecOpen-SDK\LTE01R06A05_VOLTE_C_SDK_A_SDK\ql-sdk\ql-application\threadx\/../..\ql-cross-tool\win32\owtoolchain\gcc-arm-none-eabi\arm-none-eabi\lib\thumb\v7\nofp\libc.a(lib_a-reent.o)
                0x7e421230                errno
 COMMON         0x7e421234       0x21 E:\HTI\QuecOpen-SDK\LTE01R06A05_VOLTE_C_SDK_A_SDK\ql-sdk\ql-application\threadx\/../..\ql-cross-tool\win32\owtoolchain\gcc-arm-none-eabi\arm-none-eabi\lib\thumb\v7\nofp\libc.a(lib_a-lock.o)
                0x7e421234                __lock___atexit_recursive_mutex
                0x7e421238                __lock___arc4random_mutex
                0x7e42123c                __lock___env_recursive_mutex
                0x7e421240                __lock___sinit_recursive_mutex
                0x7e421244                __lock___malloc_recursive_mutex
                0x7e421248                __lock___at_quick_exit_mutex
                0x7e42124c                __lock___dd_hash_mutex
                0x7e421250                __lock___tz_mutex
                0x7e421254                __lock___sfp_recursive_mutex
                0x7e421255                PROVIDE (__bss_end__ = .)
                0x7e421255                end = .
                0x00000001                ASSERT (((__bss_end__ - __RAM_START_ADDR) < __MAX_RAM_SIZE), xxxx ERR:APP RAM OVERFLOW !!)
LOAD E:/HTI/QuecOpen-SDK/LTE01R06A05_VOLTE_C_SDK_A_SDK/ql-sdk/ql-application/threadx/interface/log/src//build/src.lib
LOAD E:/HTI/QuecOpen-SDK/LTE01R06A05_VOLTE_C_SDK_A_SDK/ql-sdk/ql-application/threadx/interface/bq_27542/Src//build/Src.lib
LOAD common/lib/ql_common_api.lib
LOAD common/lib/com_cell_locator.lib
LOAD common/lib/com_ftp.lib
LOAD common/lib/com_http.lib
LOAD common/lib/com_mbedtls.lib
LOAD common/lib/com_paho_mqtt.lib
LOAD common/lib/com_qthsdk.lib
LOAD common/lib/com_ssl.lib
LOAD E:\HTI\QuecOpen-SDK\LTE01R06A05_VOLTE_C_SDK_A_SDK\ql-sdk\ql-application\threadx\/../..\ql-cross-tool\win32\owtoolchain\gcc-arm-none-eabi\arm-none-eabi\lib\thumb\v7\nofp\libc.a
LOAD E:\HTI\QuecOpen-SDK\LTE01R06A05_VOLTE_C_SDK_A_SDK\ql-sdk\ql-application\threadx\/../..\ql-cross-tool\win32\owtoolchain\gcc-arm-none-eabi\arm-none-eabi\lib\thumb\v7\nofp\libstdc++.a
LOAD E:\HTI\QuecOpen-SDK\LTE01R06A05_VOLTE_C_SDK_A_SDK\ql-sdk\ql-application\threadx\/../..\ql-cross-tool\win32\owtoolchain\gcc-arm-none-eabi\arm-none-eabi\lib\thumb\v7\nofp\libg.a
LOAD E:\HTI\QuecOpen-SDK\LTE01R06A05_VOLTE_C_SDK_A_SDK\ql-sdk\ql-application\threadx\/../..\ql-cross-tool\win32\owtoolchain\gcc-arm-none-eabi\lib\gcc\arm-none-eabi\9.2.1\thumb\v7\nofp\libgcc.a
LOAD E:\HTI\QuecOpen-SDK\LTE01R06A05_VOLTE_C_SDK_A_SDK\ql-sdk\ql-application\threadx\/../..\ql-cross-tool\win32\owtoolchain\gcc-arm-none-eabi\arm-none-eabi\lib\thumb\v7\nofp\libnosys.a
LOAD E:\HTI\QuecOpen-SDK\LTE01R06A05_VOLTE_C_SDK_A_SDK\ql-sdk\ql-application\threadx\/../..\ql-cross-tool\win32\owtoolchain\gcc-arm-none-eabi\arm-none-eabi\lib\thumb\v7\nofp\libm.a
OUTPUT(build/app.elf elf32-littlearm)

.debug_info     0x00000000     0x67d7
 .debug_info    0x00000000     0x1206 E:/HTI/QuecOpen-SDK/LTE01R06A05_VOLTE_C_SDK_A_SDK/ql-sdk/ql-application/threadx/interface/log/src//build/src.lib(ql_log.o)
 .debug_info    0x00001206      0xcbb E:/HTI/QuecOpen-SDK/LTE01R06A05_VOLTE_C_SDK_A_SDK/ql-sdk/ql-application/threadx/interface/bq_27542/Src//build/Src.lib(app.o)
 .debug_info    0x00001ec1      0x4a1 E:/HTI/QuecOpen-SDK/LTE01R06A05_VOLTE_C_SDK_A_SDK/ql-sdk/ql-application/threadx/interface/bq_27542/Src//build/Src.lib(battery.o)
 .debug_info    0x00002362     0x163b common/lib/ql_common_api.lib(ql_main.o)
 .debug_info    0x0000399d      0x642 common/lib/ql_common_api.lib(ql_iic.o)
 .debug_info    0x00003fdf     0x27f8 common/lib/ql_common_api.lib(ql_rtos.o)

.debug_abbrev   0x00000000      0xfdc
 .debug_abbrev  0x00000000      0x478 E:/HTI/QuecOpen-SDK/LTE01R06A05_VOLTE_C_SDK_A_SDK/ql-sdk/ql-application/threadx/interface/log/src//build/src.lib(ql_log.o)
 .debug_abbrev  0x00000478      0x290 E:/HTI/QuecOpen-SDK/LTE01R06A05_VOLTE_C_SDK_A_SDK/ql-sdk/ql-application/threadx/interface/bq_27542/Src//build/Src.lib(app.o)
 .debug_abbrev  0x00000708      0x151 E:/HTI/QuecOpen-SDK/LTE01R06A05_VOLTE_C_SDK_A_SDK/ql-sdk/ql-application/threadx/interface/bq_27542/Src//build/Src.lib(battery.o)
 .debug_abbrev  0x00000859      0x409 common/lib/ql_common_api.lib(ql_main.o)
 .debug_abbrev  0x00000c62      0x140 common/lib/ql_common_api.lib(ql_iic.o)
 .debug_abbrev  0x00000da2      0x23a common/lib/ql_common_api.lib(ql_rtos.o)

.debug_loc      0x00000000     0x3126
 .debug_loc     0x00000000      0x24c E:/HTI/QuecOpen-SDK/LTE01R06A05_VOLTE_C_SDK_A_SDK/ql-sdk/ql-application/threadx/interface/log/src//build/src.lib(ql_log.o)
 .debug_loc     0x0000024c      0x21d E:/HTI/QuecOpen-SDK/LTE01R06A05_VOLTE_C_SDK_A_SDK/ql-sdk/ql-application/threadx/interface/bq_27542/Src//build/Src.lib(battery.o)
 .debug_loc     0x00000469      0x7a3 common/lib/ql_common_api.lib(ql_main.o)
 .debug_loc     0x00000c0c      0x5f1 common/lib/ql_common_api.lib(ql_iic.o)
 .debug_loc     0x000011fd     0x1f29 common/lib/ql_common_api.lib(ql_rtos.o)

.debug_aranges  0x00000000      0x320
 .debug_aranges
                0x00000000       0x60 E:/HTI/QuecOpen-SDK/LTE01R06A05_VOLTE_C_SDK_A_SDK/ql-sdk/ql-application/threadx/interface/log/src//build/src.lib(ql_log.o)
 .debug_aranges
                0x00000060       0x20 E:/HTI/QuecOpen-SDK/LTE01R06A05_VOLTE_C_SDK_A_SDK/ql-sdk/ql-application/threadx/interface/bq_27542/Src//build/Src.lib(app.o)
 .debug_aranges
                0x00000080       0x70 E:/HTI/QuecOpen-SDK/LTE01R06A05_VOLTE_C_SDK_A_SDK/ql-sdk/ql-application/threadx/interface/bq_27542/Src//build/Src.lib(battery.o)
 .debug_aranges
                0x000000f0       0x58 common/lib/ql_common_api.lib(ql_main.o)
 .debug_aranges
                0x00000148       0x40 common/lib/ql_common_api.lib(ql_iic.o)
 .debug_aranges
                0x00000188      0x198 common/lib/ql_common_api.lib(ql_rtos.o)

.debug_ranges   0x00000000      0x4c0
 .debug_ranges  0x00000000       0xb0 E:/HTI/QuecOpen-SDK/LTE01R06A05_VOLTE_C_SDK_A_SDK/ql-sdk/ql-application/threadx/interface/log/src//build/src.lib(ql_log.o)
 .debug_ranges  0x000000b0       0x10 E:/HTI/QuecOpen-SDK/LTE01R06A05_VOLTE_C_SDK_A_SDK/ql-sdk/ql-application/threadx/interface/bq_27542/Src//build/Src.lib(app.o)
 .debug_ranges  0x000000c0       0x60 E:/HTI/QuecOpen-SDK/LTE01R06A05_VOLTE_C_SDK_A_SDK/ql-sdk/ql-application/threadx/interface/bq_27542/Src//build/Src.lib(battery.o)
 .debug_ranges  0x00000120      0x1a0 common/lib/ql_common_api.lib(ql_main.o)
 .debug_ranges  0x000002c0       0x30 common/lib/ql_common_api.lib(ql_iic.o)
 .debug_ranges  0x000002f0      0x1d0 common/lib/ql_common_api.lib(ql_rtos.o)

.debug_line     0x00000000     0x2617
 .debug_line    0x00000000      0x698 E:/HTI/QuecOpen-SDK/LTE01R06A05_VOLTE_C_SDK_A_SDK/ql-sdk/ql-application/threadx/interface/log/src//build/src.lib(ql_log.o)
 .debug_line    0x00000698      0x424 E:/HTI/QuecOpen-SDK/LTE01R06A05_VOLTE_C_SDK_A_SDK/ql-sdk/ql-application/threadx/interface/bq_27542/Src//build/Src.lib(app.o)
 .debug_line    0x00000abc      0x392 E:/HTI/QuecOpen-SDK/LTE01R06A05_VOLTE_C_SDK_A_SDK/ql-sdk/ql-application/threadx/interface/bq_27542/Src//build/Src.lib(battery.o)
 .debug_line    0x00000e4e      0x610 common/lib/ql_common_api.lib(ql_main.o)
 .debug_line    0x0000145e      0x1f8 common/lib/ql_common_api.lib(ql_iic.o)
 .debug_line    0x00001656      0xfc1 common/lib/ql_common_api.lib(ql_rtos.o)

.debug_str      0x00000000     0x1b25
 .debug_str     0x00000000      0x8b2 E:/HTI/QuecOpen-SDK/LTE01R06A05_VOLTE_C_SDK_A_SDK/ql-sdk/ql-application/threadx/interface/log/src//build/src.lib(ql_log.o)
                                0x9f2 (size before relaxing)
 .debug_str     0x000008b2      0x192 E:/HTI/QuecOpen-SDK/LTE01R06A05_VOLTE_C_SDK_A_SDK/ql-sdk/ql-application/threadx/interface/bq_27542/Src//build/Src.lib(app.o)
                                0x7f4 (size before relaxing)
 .debug_str     0x00000a44       0x8c E:/HTI/QuecOpen-SDK/LTE01R06A05_VOLTE_C_SDK_A_SDK/ql-sdk/ql-application/threadx/interface/bq_27542/Src//build/Src.lib(battery.o)
                                0x411 (size before relaxing)
 .debug_str     0x00000ad0      0x408 common/lib/ql_common_api.lib(ql_main.o)
                                0xabe (size before relaxing)
 .debug_str     0x00000ed8      0x100 common/lib/ql_common_api.lib(ql_iic.o)
                                0x383 (size before relaxing)
 .debug_str     0x00000fd8      0xb4d common/lib/ql_common_api.lib(ql_rtos.o)
                               0x11e1 (size before relaxing)

.comment        0x00000000       0x79
 .comment       0x00000000       0x79 E:/HTI/QuecOpen-SDK/LTE01R06A05_VOLTE_C_SDK_A_SDK/ql-sdk/ql-application/threadx/interface/log/src//build/src.lib(ql_log.o)
                                 0x7a (size before relaxing)
 .comment       0x00000079       0x7a E:/HTI/QuecOpen-SDK/LTE01R06A05_VOLTE_C_SDK_A_SDK/ql-sdk/ql-application/threadx/interface/bq_27542/Src//build/Src.lib(app.o)
 .comment       0x00000079       0x7a E:/HTI/QuecOpen-SDK/LTE01R06A05_VOLTE_C_SDK_A_SDK/ql-sdk/ql-application/threadx/interface/bq_27542/Src//build/Src.lib(battery.o)
 .comment       0x00000079       0x7a common/lib/ql_common_api.lib(ql_main.o)
 .comment       0x00000079       0x7a common/lib/ql_common_api.lib(ql_iic.o)
 .comment       0x00000079       0x7a common/lib/ql_common_api.lib(ql_rtos.o)

.ARM.attributes
                0x00000000       0x2d
 .ARM.attributes
                0x00000000       0x2f E:/HTI/QuecOpen-SDK/LTE01R06A05_VOLTE_C_SDK_A_SDK/ql-sdk/ql-application/threadx/interface/log/src//build/src.lib(ql_log.o)
 .ARM.attributes
                0x0000002f       0x2f E:/HTI/QuecOpen-SDK/LTE01R06A05_VOLTE_C_SDK_A_SDK/ql-sdk/ql-application/threadx/interface/bq_27542/Src//build/Src.lib(app.o)
 .ARM.attributes
                0x0000005e       0x2f E:/HTI/QuecOpen-SDK/LTE01R06A05_VOLTE_C_SDK_A_SDK/ql-sdk/ql-application/threadx/interface/bq_27542/Src//build/Src.lib(battery.o)
 .ARM.attributes
                0x0000008d       0x2f common/lib/ql_common_api.lib(ql_main.o)
 .ARM.attributes
                0x000000bc       0x2f common/lib/ql_common_api.lib(ql_iic.o)
 .ARM.attributes
                0x000000eb       0x2f common/lib/ql_common_api.lib(ql_rtos.o)
 .ARM.attributes
                0x0000011a       0x29 E:\HTI\QuecOpen-SDK\LTE01R06A05_VOLTE_C_SDK_A_SDK\ql-sdk\ql-application\threadx\/../..\ql-cross-tool\win32\owtoolchain\gcc-arm-none-eabi\arm-none-eabi\lib\thumb\v7\nofp\libc.a(lib_a-impure.o)
 .ARM.attributes
                0x00000143       0x17 E:\HTI\QuecOpen-SDK\LTE01R06A05_VOLTE_C_SDK_A_SDK\ql-sdk\ql-application\threadx\/../..\ql-cross-tool\win32\owtoolchain\gcc-arm-none-eabi\arm-none-eabi\lib\thumb\v7\nofp\libc.a(lib_a-memcpy.o)
 .ARM.attributes
                0x0000015a       0x29 E:\HTI\QuecOpen-SDK\LTE01R06A05_VOLTE_C_SDK_A_SDK\ql-sdk\ql-application\threadx\/../..\ql-cross-tool\win32\owtoolchain\gcc-arm-none-eabi\arm-none-eabi\lib\thumb\v7\nofp\libc.a(lib_a-memmove.o)
 .ARM.attributes
                0x00000183       0x29 E:\HTI\QuecOpen-SDK\LTE01R06A05_VOLTE_C_SDK_A_SDK\ql-sdk\ql-application\threadx\/../..\ql-cross-tool\win32\owtoolchain\gcc-arm-none-eabi\arm-none-eabi\lib\thumb\v7\nofp\libc.a(lib_a-memset.o)
 .ARM.attributes
                0x000001ac       0x29 E:\HTI\QuecOpen-SDK\LTE01R06A05_VOLTE_C_SDK_A_SDK\ql-sdk\ql-application\threadx\/../..\ql-cross-tool\win32\owtoolchain\gcc-arm-none-eabi\arm-none-eabi\lib\thumb\v7\nofp\libc.a(lib_a-strlen-stub.o)
 .ARM.attributes
                0x000001d5       0x29 E:\HTI\QuecOpen-SDK\LTE01R06A05_VOLTE_C_SDK_A_SDK\ql-sdk\ql-application\threadx\/../..\ql-cross-tool\win32\owtoolchain\gcc-arm-none-eabi\arm-none-eabi\lib\thumb\v7\nofp\libc.a(lib_a-strncpy.o)
 .ARM.attributes
                0x000001fe       0x29 E:\HTI\QuecOpen-SDK\LTE01R06A05_VOLTE_C_SDK_A_SDK\ql-sdk\ql-application\threadx\/../..\ql-cross-tool\win32\owtoolchain\gcc-arm-none-eabi\arm-none-eabi\lib\thumb\v7\nofp\libc.a(lib_a-svfiprintf.o)
 .ARM.attributes
                0x00000227       0x29 E:\HTI\QuecOpen-SDK\LTE01R06A05_VOLTE_C_SDK_A_SDK\ql-sdk\ql-application\threadx\/../..\ql-cross-tool\win32\owtoolchain\gcc-arm-none-eabi\arm-none-eabi\lib\thumb\v7\nofp\libc.a(lib_a-svfprintf.o)
 .ARM.attributes
                0x00000250       0x29 E:\HTI\QuecOpen-SDK\LTE01R06A05_VOLTE_C_SDK_A_SDK\ql-sdk\ql-application\threadx\/../..\ql-cross-tool\win32\owtoolchain\gcc-arm-none-eabi\arm-none-eabi\lib\thumb\v7\nofp\libc.a(lib_a-vsnprintf.o)
 .ARM.attributes
                0x00000279       0x29 E:\HTI\QuecOpen-SDK\LTE01R06A05_VOLTE_C_SDK_A_SDK\ql-sdk\ql-application\threadx\/../..\ql-cross-tool\win32\owtoolchain\gcc-arm-none-eabi\arm-none-eabi\lib\thumb\v7\nofp\libc.a(lib_a-ctype_.o)
 .ARM.attributes
                0x000002a2       0x29 E:\HTI\QuecOpen-SDK\LTE01R06A05_VOLTE_C_SDK_A_SDK\ql-sdk\ql-application\threadx\/../..\ql-cross-tool\win32\owtoolchain\gcc-arm-none-eabi\arm-none-eabi\lib\thumb\v7\nofp\libc.a(lib_a-dtoa.o)
 .ARM.attributes
                0x000002cb       0x29 E:\HTI\QuecOpen-SDK\LTE01R06A05_VOLTE_C_SDK_A_SDK\ql-sdk\ql-application\threadx\/../..\ql-cross-tool\win32\owtoolchain\gcc-arm-none-eabi\arm-none-eabi\lib\thumb\v7\nofp\libc.a(lib_a-freer.o)
 .ARM.attributes
                0x000002f4       0x29 E:\HTI\QuecOpen-SDK\LTE01R06A05_VOLTE_C_SDK_A_SDK\ql-sdk\ql-application\threadx\/../..\ql-cross-tool\win32\owtoolchain\gcc-arm-none-eabi\arm-none-eabi\lib\thumb\v7\nofp\libc.a(lib_a-locale.o)
 .ARM.attributes
                0x0000031d       0x29 E:\HTI\QuecOpen-SDK\LTE01R06A05_VOLTE_C_SDK_A_SDK\ql-sdk\ql-application\threadx\/../..\ql-cross-tool\win32\owtoolchain\gcc-arm-none-eabi\arm-none-eabi\lib\thumb\v7\nofp\libc.a(lib_a-localeconv.o)
 .ARM.attributes
                0x00000346       0x29 E:\HTI\QuecOpen-SDK\LTE01R06A05_VOLTE_C_SDK_A_SDK\ql-sdk\ql-application\threadx\/../..\ql-cross-tool\win32\owtoolchain\gcc-arm-none-eabi\arm-none-eabi\lib\thumb\v7\nofp\libc.a(lib_a-mallocr.o)
 .ARM.attributes
                0x0000036f       0x29 E:\HTI\QuecOpen-SDK\LTE01R06A05_VOLTE_C_SDK_A_SDK\ql-sdk\ql-application\threadx\/../..\ql-cross-tool\win32\owtoolchain\gcc-arm-none-eabi\arm-none-eabi\lib\thumb\v7\nofp\libc.a(lib_a-mbtowc_r.o)
 .ARM.attributes
                0x00000398       0x29 E:\HTI\QuecOpen-SDK\LTE01R06A05_VOLTE_C_SDK_A_SDK\ql-sdk\ql-application\threadx\/../..\ql-cross-tool\win32\owtoolchain\gcc-arm-none-eabi\arm-none-eabi\lib\thumb\v7\nofp\libc.a(lib_a-memchr-stub.o)
 .ARM.attributes
                0x000003c1       0x29 E:\HTI\QuecOpen-SDK\LTE01R06A05_VOLTE_C_SDK_A_SDK\ql-sdk\ql-application\threadx\/../..\ql-cross-tool\win32\owtoolchain\gcc-arm-none-eabi\arm-none-eabi\lib\thumb\v7\nofp\libc.a(lib_a-mlock.o)
 .ARM.attributes
                0x000003ea       0x29 E:\HTI\QuecOpen-SDK\LTE01R06A05_VOLTE_C_SDK_A_SDK\ql-sdk\ql-application\threadx\/../..\ql-cross-tool\win32\owtoolchain\gcc-arm-none-eabi\arm-none-eabi\lib\thumb\v7\nofp\libc.a(lib_a-mprec.o)
 .ARM.attributes
                0x00000413       0x29 E:\HTI\QuecOpen-SDK\LTE01R06A05_VOLTE_C_SDK_A_SDK\ql-sdk\ql-application\threadx\/../..\ql-cross-tool\win32\owtoolchain\gcc-arm-none-eabi\arm-none-eabi\lib\thumb\v7\nofp\libc.a(lib_a-reallocr.o)
 .ARM.attributes
                0x0000043c       0x29 E:\HTI\QuecOpen-SDK\LTE01R06A05_VOLTE_C_SDK_A_SDK\ql-sdk\ql-application\threadx\/../..\ql-cross-tool\win32\owtoolchain\gcc-arm-none-eabi\arm-none-eabi\lib\thumb\v7\nofp\libc.a(lib_a-reent.o)
 .ARM.attributes
                0x00000465       0x29 E:\HTI\QuecOpen-SDK\LTE01R06A05_VOLTE_C_SDK_A_SDK\ql-sdk\ql-application\threadx\/../..\ql-cross-tool\win32\owtoolchain\gcc-arm-none-eabi\arm-none-eabi\lib\thumb\v7\nofp\libc.a(lib_a-s_frexp.o)
 .ARM.attributes
                0x0000048e       0x29 E:\HTI\QuecOpen-SDK\LTE01R06A05_VOLTE_C_SDK_A_SDK\ql-sdk\ql-application\threadx\/../..\ql-cross-tool\win32\owtoolchain\gcc-arm-none-eabi\arm-none-eabi\lib\thumb\v7\nofp\libc.a(lib_a-sbrkr.o)
 .ARM.attributes
                0x000004b7       0x29 E:\HTI\QuecOpen-SDK\LTE01R06A05_VOLTE_C_SDK_A_SDK\ql-sdk\ql-application\threadx\/../..\ql-cross-tool\win32\owtoolchain\gcc-arm-none-eabi\arm-none-eabi\lib\thumb\v7\nofp\libc.a(lib_a-wctomb_r.o)
 .ARM.attributes
                0x000004e0       0x29 E:\HTI\QuecOpen-SDK\LTE01R06A05_VOLTE_C_SDK_A_SDK\ql-sdk\ql-application\threadx\/../..\ql-cross-tool\win32\owtoolchain\gcc-arm-none-eabi\arm-none-eabi\lib\thumb\v7\nofp\libc.a(lib_a-callocr.o)
 .ARM.attributes
                0x00000509       0x29 E:\HTI\QuecOpen-SDK\LTE01R06A05_VOLTE_C_SDK_A_SDK\ql-sdk\ql-application\threadx\/../..\ql-cross-tool\win32\owtoolchain\gcc-arm-none-eabi\arm-none-eabi\lib\thumb\v7\nofp\libc.a(lib_a-lock.o)
 .ARM.attributes
                0x00000532       0x19 E:\HTI\QuecOpen-SDK\LTE01R06A05_VOLTE_C_SDK_A_SDK\ql-sdk\ql-application\threadx\/../..\ql-cross-tool\win32\owtoolchain\gcc-arm-none-eabi\lib\gcc\arm-none-eabi\9.2.1\thumb\v7\nofp\libgcc.a(_udivsi3.o)
 .ARM.attributes
                0x0000054b       0x19 E:\HTI\QuecOpen-SDK\LTE01R06A05_VOLTE_C_SDK_A_SDK\ql-sdk\ql-application\threadx\/../..\ql-cross-tool\win32\owtoolchain\gcc-arm-none-eabi\lib\gcc\arm-none-eabi\9.2.1\thumb\v7\nofp\libgcc.a(_dvmd_tls.o)
 .ARM.attributes
                0x00000564       0x19 E:\HTI\QuecOpen-SDK\LTE01R06A05_VOLTE_C_SDK_A_SDK\ql-sdk\ql-application\threadx\/../..\ql-cross-tool\win32\owtoolchain\gcc-arm-none-eabi\lib\gcc\arm-none-eabi\9.2.1\thumb\v7\nofp\libgcc.a(_arm_addsubdf3.o)
 .ARM.attributes
                0x0000057d       0x19 E:\HTI\QuecOpen-SDK\LTE01R06A05_VOLTE_C_SDK_A_SDK\ql-sdk\ql-application\threadx\/../..\ql-cross-tool\win32\owtoolchain\gcc-arm-none-eabi\lib\gcc\arm-none-eabi\9.2.1\thumb\v7\nofp\libgcc.a(_arm_muldivdf3.o)
 .ARM.attributes
                0x00000596       0x19 E:\HTI\QuecOpen-SDK\LTE01R06A05_VOLTE_C_SDK_A_SDK\ql-sdk\ql-application\threadx\/../..\ql-cross-tool\win32\owtoolchain\gcc-arm-none-eabi\lib\gcc\arm-none-eabi\9.2.1\thumb\v7\nofp\libgcc.a(_arm_cmpdf2.o)
 .ARM.attributes
                0x000005af       0x19 E:\HTI\QuecOpen-SDK\LTE01R06A05_VOLTE_C_SDK_A_SDK\ql-sdk\ql-application\threadx\/../..\ql-cross-tool\win32\owtoolchain\gcc-arm-none-eabi\lib\gcc\arm-none-eabi\9.2.1\thumb\v7\nofp\libgcc.a(_arm_unorddf2.o)
 .ARM.attributes
                0x000005c8       0x19 E:\HTI\QuecOpen-SDK\LTE01R06A05_VOLTE_C_SDK_A_SDK\ql-sdk\ql-application\threadx\/../..\ql-cross-tool\win32\owtoolchain\gcc-arm-none-eabi\lib\gcc\arm-none-eabi\9.2.1\thumb\v7\nofp\libgcc.a(_arm_fixdfsi.o)
 .ARM.attributes
                0x000005e1       0x19 E:\HTI\QuecOpen-SDK\LTE01R06A05_VOLTE_C_SDK_A_SDK\ql-sdk\ql-application\threadx\/../..\ql-cross-tool\win32\owtoolchain\gcc-arm-none-eabi\lib\gcc\arm-none-eabi\9.2.1\thumb\v7\nofp\libgcc.a(_arm_truncdfsf2.o)
 .ARM.attributes
                0x000005fa       0x19 E:\HTI\QuecOpen-SDK\LTE01R06A05_VOLTE_C_SDK_A_SDK\ql-sdk\ql-application\threadx\/../..\ql-cross-tool\win32\owtoolchain\gcc-arm-none-eabi\lib\gcc\arm-none-eabi\9.2.1\thumb\v7\nofp\libgcc.a(_aeabi_uldivmod.o)
 .ARM.attributes
                0x00000613       0x29 E:\HTI\QuecOpen-SDK\LTE01R06A05_VOLTE_C_SDK_A_SDK\ql-sdk\ql-application\threadx\/../..\ql-cross-tool\win32\owtoolchain\gcc-arm-none-eabi\lib\gcc\arm-none-eabi\9.2.1\thumb\v7\nofp\libgcc.a(_udivmoddi4.o)
 .ARM.attributes
                0x0000063c       0x29 E:\HTI\QuecOpen-SDK\LTE01R06A05_VOLTE_C_SDK_A_SDK\ql-sdk\ql-application\threadx\/../..\ql-cross-tool\win32\owtoolchain\gcc-arm-none-eabi\arm-none-eabi\lib\thumb\v7\nofp\libnosys.a(sbrk.o)

.debug_frame    0x00000000     0x1884
 .debug_frame   0x00000000      0x1a4 E:/HTI/QuecOpen-SDK/LTE01R06A05_VOLTE_C_SDK_A_SDK/ql-sdk/ql-application/threadx/interface/log/src//build/src.lib(ql_log.o)
 .debug_frame   0x000001a4       0x30 E:/HTI/QuecOpen-SDK/LTE01R06A05_VOLTE_C_SDK_A_SDK/ql-sdk/ql-application/threadx/interface/bq_27542/Src//build/Src.lib(app.o)
 .debug_frame   0x000001d4      0x100 E:/HTI/QuecOpen-SDK/LTE01R06A05_VOLTE_C_SDK_A_SDK/ql-sdk/ql-application/threadx/interface/bq_27542/Src//build/Src.lib(battery.o)
 .debug_frame   0x000002d4      0x140 common/lib/ql_common_api.lib(ql_main.o)
 .debug_frame   0x00000414      0x108 common/lib/ql_common_api.lib(ql_iic.o)
 .debug_frame   0x0000051c      0x774 common/lib/ql_common_api.lib(ql_rtos.o)
 .debug_frame   0x00000c90       0x40 E:\HTI\QuecOpen-SDK\LTE01R06A05_VOLTE_C_SDK_A_SDK\ql-sdk\ql-application\threadx\/../..\ql-cross-tool\win32\owtoolchain\gcc-arm-none-eabi\arm-none-eabi\lib\thumb\v7\nofp\libc.a(lib_a-memmove.o)
 .debug_frame   0x00000cd0       0x38 E:\HTI\QuecOpen-SDK\LTE01R06A05_VOLTE_C_SDK_A_SDK\ql-sdk\ql-application\threadx\/../..\ql-cross-tool\win32\owtoolchain\gcc-arm-none-eabi\arm-none-eabi\lib\thumb\v7\nofp\libc.a(lib_a-memset.o)
 .debug_frame   0x00000d08       0x20 E:\HTI\QuecOpen-SDK\LTE01R06A05_VOLTE_C_SDK_A_SDK\ql-sdk\ql-application\threadx\/../..\ql-cross-tool\win32\owtoolchain\gcc-arm-none-eabi\arm-none-eabi\lib\thumb\v7\nofp\libc.a(lib_a-strlen-stub.o)
 .debug_frame   0x00000d28       0x3c E:\HTI\QuecOpen-SDK\LTE01R06A05_VOLTE_C_SDK_A_SDK\ql-sdk\ql-application\threadx\/../..\ql-cross-tool\win32\owtoolchain\gcc-arm-none-eabi\arm-none-eabi\lib\thumb\v7\nofp\libc.a(lib_a-strncpy.o)
 .debug_frame   0x00000d64       0x78 E:\HTI\QuecOpen-SDK\LTE01R06A05_VOLTE_C_SDK_A_SDK\ql-sdk\ql-application\threadx\/../..\ql-cross-tool\win32\owtoolchain\gcc-arm-none-eabi\arm-none-eabi\lib\thumb\v7\nofp\libc.a(lib_a-svfiprintf.o)
 .debug_frame   0x00000ddc       0x44 E:\HTI\QuecOpen-SDK\LTE01R06A05_VOLTE_C_SDK_A_SDK\ql-sdk\ql-application\threadx\/../..\ql-cross-tool\win32\owtoolchain\gcc-arm-none-eabi\arm-none-eabi\lib\thumb\v7\nofp\libc.a(lib_a-svfprintf.o)
 .debug_frame   0x00000e20       0x5c E:\HTI\QuecOpen-SDK\LTE01R06A05_VOLTE_C_SDK_A_SDK\ql-sdk\ql-application\threadx\/../..\ql-cross-tool\win32\owtoolchain\gcc-arm-none-eabi\arm-none-eabi\lib\thumb\v7\nofp\libc.a(lib_a-vsnprintf.o)
 .debug_frame   0x00000e7c       0x7c E:\HTI\QuecOpen-SDK\LTE01R06A05_VOLTE_C_SDK_A_SDK\ql-sdk\ql-application\threadx\/../..\ql-cross-tool\win32\owtoolchain\gcc-arm-none-eabi\arm-none-eabi\lib\thumb\v7\nofp\libc.a(lib_a-dtoa.o)
 .debug_frame   0x00000ef8       0x8c E:\HTI\QuecOpen-SDK\LTE01R06A05_VOLTE_C_SDK_A_SDK\ql-sdk\ql-application\threadx\/../..\ql-cross-tool\win32\owtoolchain\gcc-arm-none-eabi\arm-none-eabi\lib\thumb\v7\nofp\libc.a(lib_a-freer.o)
 .debug_frame   0x00000f84       0x54 E:\HTI\QuecOpen-SDK\LTE01R06A05_VOLTE_C_SDK_A_SDK\ql-sdk\ql-application\threadx\/../..\ql-cross-tool\win32\owtoolchain\gcc-arm-none-eabi\arm-none-eabi\lib\thumb\v7\nofp\libc.a(lib_a-locale.o)
 .debug_frame   0x00000fd8       0x40 E:\HTI\QuecOpen-SDK\LTE01R06A05_VOLTE_C_SDK_A_SDK\ql-sdk\ql-application\threadx\/../..\ql-cross-tool\win32\owtoolchain\gcc-arm-none-eabi\arm-none-eabi\lib\thumb\v7\nofp\libc.a(lib_a-localeconv.o)
 .debug_frame   0x00001018       0x54 E:\HTI\QuecOpen-SDK\LTE01R06A05_VOLTE_C_SDK_A_SDK\ql-sdk\ql-application\threadx\/../..\ql-cross-tool\win32\owtoolchain\gcc-arm-none-eabi\arm-none-eabi\lib\thumb\v7\nofp\libc.a(lib_a-mallocr.o)
 .debug_frame   0x0000106c       0x48 E:\HTI\QuecOpen-SDK\LTE01R06A05_VOLTE_C_SDK_A_SDK\ql-sdk\ql-application\threadx\/../..\ql-cross-tool\win32\owtoolchain\gcc-arm-none-eabi\arm-none-eabi\lib\thumb\v7\nofp\libc.a(lib_a-mbtowc_r.o)
 .debug_frame   0x000010b4       0x44 E:\HTI\QuecOpen-SDK\LTE01R06A05_VOLTE_C_SDK_A_SDK\ql-sdk\ql-application\threadx\/../..\ql-cross-tool\win32\owtoolchain\gcc-arm-none-eabi\arm-none-eabi\lib\thumb\v7\nofp\libc.a(lib_a-memchr-stub.o)
 .debug_frame   0x000010f8       0x30 E:\HTI\QuecOpen-SDK\LTE01R06A05_VOLTE_C_SDK_A_SDK\ql-sdk\ql-application\threadx\/../..\ql-cross-tool\win32\owtoolchain\gcc-arm-none-eabi\arm-none-eabi\lib\thumb\v7\nofp\libc.a(lib_a-mlock.o)
 .debug_frame   0x00001128      0x260 E:\HTI\QuecOpen-SDK\LTE01R06A05_VOLTE_C_SDK_A_SDK\ql-sdk\ql-application\threadx\/../..\ql-cross-tool\win32\owtoolchain\gcc-arm-none-eabi\arm-none-eabi\lib\thumb\v7\nofp\libc.a(lib_a-mprec.o)
 .debug_frame   0x00001388       0x60 E:\HTI\QuecOpen-SDK\LTE01R06A05_VOLTE_C_SDK_A_SDK\ql-sdk\ql-application\threadx\/../..\ql-cross-tool\win32\owtoolchain\gcc-arm-none-eabi\arm-none-eabi\lib\thumb\v7\nofp\libc.a(lib_a-reallocr.o)
 .debug_frame   0x000013e8       0x60 E:\HTI\QuecOpen-SDK\LTE01R06A05_VOLTE_C_SDK_A_SDK\ql-sdk\ql-application\threadx\/../..\ql-cross-tool\win32\owtoolchain\gcc-arm-none-eabi\arm-none-eabi\lib\thumb\v7\nofp\libc.a(lib_a-reent.o)
 .debug_frame   0x00001448       0x30 E:\HTI\QuecOpen-SDK\LTE01R06A05_VOLTE_C_SDK_A_SDK\ql-sdk\ql-application\threadx\/../..\ql-cross-tool\win32\owtoolchain\gcc-arm-none-eabi\arm-none-eabi\lib\thumb\v7\nofp\libc.a(lib_a-s_frexp.o)
 .debug_frame   0x00001478       0x2c E:\HTI\QuecOpen-SDK\LTE01R06A05_VOLTE_C_SDK_A_SDK\ql-sdk\ql-application\threadx\/../..\ql-cross-tool\win32\owtoolchain\gcc-arm-none-eabi\arm-none-eabi\lib\thumb\v7\nofp\libc.a(lib_a-sbrkr.o)
 .debug_frame   0x000014a4       0x3c E:\HTI\QuecOpen-SDK\LTE01R06A05_VOLTE_C_SDK_A_SDK\ql-sdk\ql-application\threadx\/../..\ql-cross-tool\win32\owtoolchain\gcc-arm-none-eabi\arm-none-eabi\lib\thumb\v7\nofp\libc.a(lib_a-wctomb_r.o)
 .debug_frame   0x000014e0       0x28 E:\HTI\QuecOpen-SDK\LTE01R06A05_VOLTE_C_SDK_A_SDK\ql-sdk\ql-application\threadx\/../..\ql-cross-tool\win32\owtoolchain\gcc-arm-none-eabi\arm-none-eabi\lib\thumb\v7\nofp\libc.a(lib_a-callocr.o)
 .debug_frame   0x00001508       0xb0 E:\HTI\QuecOpen-SDK\LTE01R06A05_VOLTE_C_SDK_A_SDK\ql-sdk\ql-application\threadx\/../..\ql-cross-tool\win32\owtoolchain\gcc-arm-none-eabi\arm-none-eabi\lib\thumb\v7\nofp\libc.a(lib_a-lock.o)
 .debug_frame   0x000015b8       0x20 E:\HTI\QuecOpen-SDK\LTE01R06A05_VOLTE_C_SDK_A_SDK\ql-sdk\ql-application\threadx\/../..\ql-cross-tool\win32\owtoolchain\gcc-arm-none-eabi\lib\gcc\arm-none-eabi\9.2.1\thumb\v7\nofp\libgcc.a(_udivsi3.o)
 .debug_frame   0x000015d8       0xac E:\HTI\QuecOpen-SDK\LTE01R06A05_VOLTE_C_SDK_A_SDK\ql-sdk\ql-application\threadx\/../..\ql-cross-tool\win32\owtoolchain\gcc-arm-none-eabi\lib\gcc\arm-none-eabi\9.2.1\thumb\v7\nofp\libgcc.a(_arm_addsubdf3.o)
 .debug_frame   0x00001684       0x50 E:\HTI\QuecOpen-SDK\LTE01R06A05_VOLTE_C_SDK_A_SDK\ql-sdk\ql-application\threadx\/../..\ql-cross-tool\win32\owtoolchain\gcc-arm-none-eabi\lib\gcc\arm-none-eabi\9.2.1\thumb\v7\nofp\libgcc.a(_arm_muldivdf3.o)
 .debug_frame   0x000016d4       0xc4 E:\HTI\QuecOpen-SDK\LTE01R06A05_VOLTE_C_SDK_A_SDK\ql-sdk\ql-application\threadx\/../..\ql-cross-tool\win32\owtoolchain\gcc-arm-none-eabi\lib\gcc\arm-none-eabi\9.2.1\thumb\v7\nofp\libgcc.a(_arm_cmpdf2.o)
 .debug_frame   0x00001798       0x20 E:\HTI\QuecOpen-SDK\LTE01R06A05_VOLTE_C_SDK_A_SDK\ql-sdk\ql-application\threadx\/../..\ql-cross-tool\win32\owtoolchain\gcc-arm-none-eabi\lib\gcc\arm-none-eabi\9.2.1\thumb\v7\nofp\libgcc.a(_arm_unorddf2.o)
 .debug_frame   0x000017b8       0x24 E:\HTI\QuecOpen-SDK\LTE01R06A05_VOLTE_C_SDK_A_SDK\ql-sdk\ql-application\threadx\/../..\ql-cross-tool\win32\owtoolchain\gcc-arm-none-eabi\lib\gcc\arm-none-eabi\9.2.1\thumb\v7\nofp\libgcc.a(_arm_fixdfsi.o)
 .debug_frame   0x000017dc       0x24 E:\HTI\QuecOpen-SDK\LTE01R06A05_VOLTE_C_SDK_A_SDK\ql-sdk\ql-application\threadx\/../..\ql-cross-tool\win32\owtoolchain\gcc-arm-none-eabi\lib\gcc\arm-none-eabi\9.2.1\thumb\v7\nofp\libgcc.a(_arm_truncdfsf2.o)
 .debug_frame   0x00001800       0x2c E:\HTI\QuecOpen-SDK\LTE01R06A05_VOLTE_C_SDK_A_SDK\ql-sdk\ql-application\threadx\/../..\ql-cross-tool\win32\owtoolchain\gcc-arm-none-eabi\lib\gcc\arm-none-eabi\9.2.1\thumb\v7\nofp\libgcc.a(_aeabi_uldivmod.o)
 .debug_frame   0x0000182c       0x38 E:\HTI\QuecOpen-SDK\LTE01R06A05_VOLTE_C_SDK_A_SDK\ql-sdk\ql-application\threadx\/../..\ql-cross-tool\win32\owtoolchain\gcc-arm-none-eabi\lib\gcc\arm-none-eabi\9.2.1\thumb\v7\nofp\libgcc.a(_udivmoddi4.o)
 .debug_frame   0x00001864       0x20 E:\HTI\QuecOpen-SDK\LTE01R06A05_VOLTE_C_SDK_A_SDK\ql-sdk\ql-application\threadx\/../..\ql-cross-tool\win32\owtoolchain\gcc-arm-none-eabi\arm-none-eabi\lib\thumb\v7\nofp\libnosys.a(sbrk.o)

.stabstr        0x00000000       0xdf
 .stabstr       0x00000000       0xdf E:\HTI\QuecOpen-SDK\LTE01R06A05_VOLTE_C_SDK_A_SDK\ql-sdk\ql-application\threadx\/../..\ql-cross-tool\win32\owtoolchain\gcc-arm-none-eabi\arm-none-eabi\lib\thumb\v7\nofp\libnosys.a(close.o)
